﻿[dotenv@17.2.3] injecting env (5) from .env -- tip: ≡ƒ¢á∩╕Å  run anywhere with `dotenvx run -- yourcommand`
node : (node:3056) 
[MONGOOSE] Warning: 
Duplicate schema index on 
{"slug":1} found. This is 
often due to declaring an 
index using both "index: 
true" and 
"schema.index()". Please 
remove the duplicate 
index definition.
At line:1 char:1
+ node 
src/test_checkout_v2.js > 
test_output.txt 2>&1
+ ~~~~~~~~~~~~~~~~~~~~~~~~
~~~~~~~~~~~~~~~~~~~~~~~~~~
~
    + CategoryInfo        
      : NotSpecified: ((  
  node:3056) [MO...dex    
 definition.:String) [    
], RemoteException
    + FullyQualifiedError 
   Id : NativeCommandErr  
  or
 
(Use `node 
--trace-warnings ...` to 
show where the warning 
was created)
Test failed: 
MongooseError: The `uri` 
parameter to `openUri()` 
must be a string, got 
"undefined". Make sure 
the first parameter to 
`mongoose.connect()` or `m
ongoose.createConnection()
` is a string.
    at NativeConnection.cr
eateClient (C:\Users\Lapto
p\OneDrive\Desktop\PROJECT
\E-commerce-1\node_modules
\mongoose\lib\drivers\node
-mongodb-native\connection
.js:237:11)
    at 
NativeConnection.openUri (
C:\Users\Laptop\OneDrive\D
esktop\PROJECT\E-commerce-
1\node_modules\mongoose\li
b\connection.js:1075:34)
    at Mongoose.connect (C
:\Users\Laptop\OneDrive\De
sktop\PROJECT\E-commerce-1
\node_modules\mongoose\lib
\mongoose.js:450:15)
    at testCheckout (C:\Us
ers\Laptop\OneDrive\Deskto
p\PROJECT\E-commerce-1\src
\test_checkout_v2.js:15:24
)
    at Object.<anonymous> 
(C:\Users\Laptop\OneDrive\
Desktop\PROJECT\E-commerce
-1\src\test_checkout_v2.js
:116:1)
    at Module._compile (no
de:internal/modules/cjs/lo
ader:1469:14)
    at 
Module._extensions..js (no
de:internal/modules/cjs/lo
ader:1548:10)
    at Module.load (node:i
nternal/modules/cjs/loader
:1288:32)
    at Module._load (node:
internal/modules/cjs/loade
r:1104:12)
    at Function.executeUse
rEntryPoint [as runMain] (
node:internal/modules/run_
main:174:12)
